// Jest Snapshot v1, https://goo.gl/fbAQLP

exports[`Signup component snapshot testing for signup 1`] = `
Object {
  "asFragment": [Function],
  "baseElement": <body>
    <div>
      <div>
        <div
          class="flex rounded-lg border border-gray-200 bg-white shadow-md dark:border-gray-700 dark:bg-gray-800 flex-col max-w-sm mx-auto"
          data-testid="flowbite-card"
        >
          <div
            class="flex h-full flex-col justify-center gap-4 p-6"
          >
            <h3
              class="text-xl"
            >
              Signup
            </h3>
            <div
              class="max-w-md "
            >
              <div
                class="mb-2 block"
              >
                <label
                  class="text-sm font-medium text-gray-900 dark:text-white"
                  data-testid="flowbite-label"
                  for="username"
                >
                  Your email (username)
                </label>
              </div>
              <div
                class="flex"
              >
                <div
                  class="relative w-full"
                >
                  <div
                    class="pointer-events-none absolute inset-y-0 right-0 flex items-center pr-3"
                    data-testid="right-icon"
                  >
                    <svg
                      aria-hidden="true"
                      class="h-5 w-5 text-gray-500 dark:text-gray-400"
                      fill="currentColor"
                      height="1em"
                      stroke="currentColor"
                      stroke-width="0"
                      viewBox="0 0 20 20"
                      width="1em"
                      xmlns="http://www.w3.org/2000/svg"
                    >
                      <path
                        d="M2.003 5.884L10 9.882l7.997-3.998A2 2 0 0016 4H4a2 2 0 00-1.997 1.884z"
                      />
                      <path
                        d="M18 8.118l-8 4-8-4V14a2 2 0 002 2h12a2 2 0 002-2V8.118z"
                      />
                    </svg>
                  </div>
                  <input
                    class="block w-full border disabled:cursor-not-allowed disabled:opacity-50 bg-gray-50 border-gray-300 text-gray-900 focus:border-cyan-500 focus:ring-cyan-500 dark:border-gray-600 dark:bg-gray-700 dark:text-white dark:placeholder-gray-400 dark:focus:border-cyan-500 dark:focus:ring-cyan-500 p-2.5 text-sm pr-10 rounded-lg"
                    id="username"
                    name="username"
                    placeholder="name@flowbite.com"
                    required=""
                    type="email"
                    value=""
                  />
                </div>
              </div>
            </div>
            <button
              class="group flex items-center justify-center p-0.5 text-center font-medium relative focus:z-10 focus:outline-none text-gray-900 bg-white border border-gray-200 enabled:hover:bg-gray-100 enabled:hover:text-cyan-700 :ring-cyan-700 focus:text-cyan-700 dark:bg-transparent dark:text-gray-400 dark:border-gray-600 dark:enabled:hover:text-white dark:enabled:hover:bg-gray-700 rounded-lg focus:ring-2"
              type="button"
            >
              <span
                class="flex items-center transition-all duration-200 rounded-md text-sm px-4 py-2"
              >
                Get OTP 
                <span
                  class="mx-3"
                >
                  <svg
                    aria-hidden="true"
                    fill="currentColor"
                    height="1em"
                    stroke="currentColor"
                    stroke-width="0"
                    viewBox="0 0 20 20"
                    width="1em"
                    xmlns="http://www.w3.org/2000/svg"
                  >
                    <path
                      clip-rule="evenodd"
                      d="M10.293 3.293a1 1 0 011.414 0l6 6a1 1 0 010 1.414l-6 6a1 1 0 01-1.414-1.414L14.586 11H3a1 1 0 110-2h11.586l-4.293-4.293a1 1 0 010-1.414z"
                      fill-rule="evenodd"
                    />
                  </svg>
                </span>
              </span>
            </button>
            <div
              class="max-w-md"
            >
              <div
                class="mb-2 block"
              >
                <label
                  class="text-sm font-medium text-gray-900 dark:text-white"
                  data-testid="flowbite-label"
                  for="otp"
                >
                  OTP
                </label>
              </div>
              <div
                class="flex"
              >
                <div
                  class="relative w-full"
                >
                  <input
                    class="block w-full border disabled:cursor-not-allowed disabled:opacity-50 bg-gray-50 border-gray-300 text-gray-900 focus:border-cyan-500 focus:ring-cyan-500 dark:border-gray-600 dark:bg-gray-700 dark:text-white dark:placeholder-gray-400 dark:focus:border-cyan-500 dark:focus:ring-cyan-500 p-2.5 text-sm rounded-lg"
                    id="otp"
                    required=""
                    type="tel"
                    value=""
                  />
                </div>
              </div>
            </div>
            <button
              class="group flex items-center justify-center p-0.5 text-center font-medium relative focus:z-10 focus:outline-none text-gray-900 bg-white border border-gray-200 enabled:hover:bg-gray-100 enabled:hover:text-cyan-700 :ring-cyan-700 focus:text-cyan-700 dark:bg-transparent dark:text-gray-400 dark:border-gray-600 dark:enabled:hover:text-white dark:enabled:hover:bg-gray-700 rounded-lg focus:ring-2"
              type="button"
            >
              <span
                class="flex items-center transition-all duration-200 rounded-md text-sm px-4 py-2"
              >
                Verify OTP 
                <span
                  class="mx-3"
                >
                  <svg
                    aria-hidden="true"
                    fill="currentColor"
                    height="1em"
                    stroke="currentColor"
                    stroke-width="0"
                    viewBox="0 0 20 20"
                    width="1em"
                    xmlns="http://www.w3.org/2000/svg"
                  >
                    <path
                      clip-rule="evenodd"
                      d="M10.293 3.293a1 1 0 011.414 0l6 6a1 1 0 010 1.414l-6 6a1 1 0 01-1.414-1.414L14.586 11H3a1 1 0 110-2h11.586l-4.293-4.293a1 1 0 010-1.414z"
                      fill-rule="evenodd"
                    />
                  </svg>
                </span>
              </span>
            </button>
            <div
              class="max-w-md "
            >
              <div
                class="mb-2 block"
              >
                <label
                  class="text-sm font-medium text-gray-900 dark:text-white"
                  data-testid="flowbite-label"
                  for="password"
                >
                  Your password
                </label>
              </div>
              <div
                class="flex"
              >
                <div
                  class="relative w-full"
                >
                  <div
                    class="pointer-events-none absolute inset-y-0 right-0 flex items-center pr-3"
                    data-testid="right-icon"
                  >
                    <svg
                      aria-hidden="true"
                      class="h-5 w-5 text-gray-500 dark:text-gray-400"
                      fill="currentColor"
                      height="1em"
                      stroke="currentColor"
                      stroke-width="0"
                      viewBox="0 0 20 20"
                      width="1em"
                      xmlns="http://www.w3.org/2000/svg"
                    >
                      <path
                        clip-rule="evenodd"
                        d="M5 9V7a5 5 0 0110 0v2a2 2 0 012 2v5a2 2 0 01-2 2H5a2 2 0 01-2-2v-5a2 2 0 012-2zm8-2v2H7V7a3 3 0 016 0z"
                        fill-rule="evenodd"
                      />
                    </svg>
                  </div>
                  <input
                    class="block w-full border disabled:cursor-not-allowed disabled:opacity-50 bg-gray-50 border-gray-300 text-gray-900 focus:border-cyan-500 focus:ring-cyan-500 dark:border-gray-600 dark:bg-gray-700 dark:text-white dark:placeholder-gray-400 dark:focus:border-cyan-500 dark:focus:ring-cyan-500 p-2.5 text-sm pr-10 rounded-lg"
                    id="password"
                    name="password"
                    placeholder=""
                    required=""
                    type="password"
                    value=""
                  />
                </div>
              </div>
            </div>
            <button
              class="group flex items-center justify-center p-0.5 text-center font-medium relative focus:z-10 focus:outline-none text-gray-900 bg-white border border-gray-200 enabled:hover:bg-gray-100 enabled:hover:text-cyan-700 :ring-cyan-700 focus:text-cyan-700 dark:bg-transparent dark:text-gray-400 dark:border-gray-600 dark:enabled:hover:text-white dark:enabled:hover:bg-gray-700 rounded-lg focus:ring-2"
              type="button"
            >
              <span
                class="flex items-center transition-all duration-200 rounded-md text-sm px-4 py-2"
              >
                Signup
                <span
                  class="mx-3"
                >
                  <svg
                    aria-hidden="true"
                    fill="currentColor"
                    height="1em"
                    stroke="currentColor"
                    stroke-width="0"
                    viewBox="0 0 20 20"
                    width="1em"
                    xmlns="http://www.w3.org/2000/svg"
                  >
                    <path
                      clip-rule="evenodd"
                      d="M16.707 5.293a1 1 0 010 1.414l-8 8a1 1 0 01-1.414 0l-4-4a1 1 0 011.414-1.414L8 12.586l7.293-7.293a1 1 0 011.414 0z"
                      fill-rule="evenodd"
                    />
                  </svg>
                </span>
              </span>
            </button>
          </div>
        </div>
      </div>
    </div>
  </body>,
  "container": <div>
    <div>
      <div
        class="flex rounded-lg border border-gray-200 bg-white shadow-md dark:border-gray-700 dark:bg-gray-800 flex-col max-w-sm mx-auto"
        data-testid="flowbite-card"
      >
        <div
          class="flex h-full flex-col justify-center gap-4 p-6"
        >
          <h3
            class="text-xl"
          >
            Signup
          </h3>
          <div
            class="max-w-md "
          >
            <div
              class="mb-2 block"
            >
              <label
                class="text-sm font-medium text-gray-900 dark:text-white"
                data-testid="flowbite-label"
                for="username"
              >
                Your email (username)
              </label>
            </div>
            <div
              class="flex"
            >
              <div
                class="relative w-full"
              >
                <div
                  class="pointer-events-none absolute inset-y-0 right-0 flex items-center pr-3"
                  data-testid="right-icon"
                >
                  <svg
                    aria-hidden="true"
                    class="h-5 w-5 text-gray-500 dark:text-gray-400"
                    fill="currentColor"
                    height="1em"
                    stroke="currentColor"
                    stroke-width="0"
                    viewBox="0 0 20 20"
                    width="1em"
                    xmlns="http://www.w3.org/2000/svg"
                  >
                    <path
                      d="M2.003 5.884L10 9.882l7.997-3.998A2 2 0 0016 4H4a2 2 0 00-1.997 1.884z"
                    />
                    <path
                      d="M18 8.118l-8 4-8-4V14a2 2 0 002 2h12a2 2 0 002-2V8.118z"
                    />
                  </svg>
                </div>
                <input
                  class="block w-full border disabled:cursor-not-allowed disabled:opacity-50 bg-gray-50 border-gray-300 text-gray-900 focus:border-cyan-500 focus:ring-cyan-500 dark:border-gray-600 dark:bg-gray-700 dark:text-white dark:placeholder-gray-400 dark:focus:border-cyan-500 dark:focus:ring-cyan-500 p-2.5 text-sm pr-10 rounded-lg"
                  id="username"
                  name="username"
                  placeholder="name@flowbite.com"
                  required=""
                  type="email"
                  value=""
                />
              </div>
            </div>
          </div>
          <button
            class="group flex items-center justify-center p-0.5 text-center font-medium relative focus:z-10 focus:outline-none text-gray-900 bg-white border border-gray-200 enabled:hover:bg-gray-100 enabled:hover:text-cyan-700 :ring-cyan-700 focus:text-cyan-700 dark:bg-transparent dark:text-gray-400 dark:border-gray-600 dark:enabled:hover:text-white dark:enabled:hover:bg-gray-700 rounded-lg focus:ring-2"
            type="button"
          >
            <span
              class="flex items-center transition-all duration-200 rounded-md text-sm px-4 py-2"
            >
              Get OTP 
              <span
                class="mx-3"
              >
                <svg
                  aria-hidden="true"
                  fill="currentColor"
                  height="1em"
                  stroke="currentColor"
                  stroke-width="0"
                  viewBox="0 0 20 20"
                  width="1em"
                  xmlns="http://www.w3.org/2000/svg"
                >
                  <path
                    clip-rule="evenodd"
                    d="M10.293 3.293a1 1 0 011.414 0l6 6a1 1 0 010 1.414l-6 6a1 1 0 01-1.414-1.414L14.586 11H3a1 1 0 110-2h11.586l-4.293-4.293a1 1 0 010-1.414z"
                    fill-rule="evenodd"
                  />
                </svg>
              </span>
            </span>
          </button>
          <div
            class="max-w-md"
          >
            <div
              class="mb-2 block"
            >
              <label
                class="text-sm font-medium text-gray-900 dark:text-white"
                data-testid="flowbite-label"
                for="otp"
              >
                OTP
              </label>
            </div>
            <div
              class="flex"
            >
              <div
                class="relative w-full"
              >
                <input
                  class="block w-full border disabled:cursor-not-allowed disabled:opacity-50 bg-gray-50 border-gray-300 text-gray-900 focus:border-cyan-500 focus:ring-cyan-500 dark:border-gray-600 dark:bg-gray-700 dark:text-white dark:placeholder-gray-400 dark:focus:border-cyan-500 dark:focus:ring-cyan-500 p-2.5 text-sm rounded-lg"
                  id="otp"
                  required=""
                  type="tel"
                  value=""
                />
              </div>
            </div>
          </div>
          <button
            class="group flex items-center justify-center p-0.5 text-center font-medium relative focus:z-10 focus:outline-none text-gray-900 bg-white border border-gray-200 enabled:hover:bg-gray-100 enabled:hover:text-cyan-700 :ring-cyan-700 focus:text-cyan-700 dark:bg-transparent dark:text-gray-400 dark:border-gray-600 dark:enabled:hover:text-white dark:enabled:hover:bg-gray-700 rounded-lg focus:ring-2"
            type="button"
          >
            <span
              class="flex items-center transition-all duration-200 rounded-md text-sm px-4 py-2"
            >
              Verify OTP 
              <span
                class="mx-3"
              >
                <svg
                  aria-hidden="true"
                  fill="currentColor"
                  height="1em"
                  stroke="currentColor"
                  stroke-width="0"
                  viewBox="0 0 20 20"
                  width="1em"
                  xmlns="http://www.w3.org/2000/svg"
                >
                  <path
                    clip-rule="evenodd"
                    d="M10.293 3.293a1 1 0 011.414 0l6 6a1 1 0 010 1.414l-6 6a1 1 0 01-1.414-1.414L14.586 11H3a1 1 0 110-2h11.586l-4.293-4.293a1 1 0 010-1.414z"
                    fill-rule="evenodd"
                  />
                </svg>
              </span>
            </span>
          </button>
          <div
            class="max-w-md "
          >
            <div
              class="mb-2 block"
            >
              <label
                class="text-sm font-medium text-gray-900 dark:text-white"
                data-testid="flowbite-label"
                for="password"
              >
                Your password
              </label>
            </div>
            <div
              class="flex"
            >
              <div
                class="relative w-full"
              >
                <div
                  class="pointer-events-none absolute inset-y-0 right-0 flex items-center pr-3"
                  data-testid="right-icon"
                >
                  <svg
                    aria-hidden="true"
                    class="h-5 w-5 text-gray-500 dark:text-gray-400"
                    fill="currentColor"
                    height="1em"
                    stroke="currentColor"
                    stroke-width="0"
                    viewBox="0 0 20 20"
                    width="1em"
                    xmlns="http://www.w3.org/2000/svg"
                  >
                    <path
                      clip-rule="evenodd"
                      d="M5 9V7a5 5 0 0110 0v2a2 2 0 012 2v5a2 2 0 01-2 2H5a2 2 0 01-2-2v-5a2 2 0 012-2zm8-2v2H7V7a3 3 0 016 0z"
                      fill-rule="evenodd"
                    />
                  </svg>
                </div>
                <input
                  class="block w-full border disabled:cursor-not-allowed disabled:opacity-50 bg-gray-50 border-gray-300 text-gray-900 focus:border-cyan-500 focus:ring-cyan-500 dark:border-gray-600 dark:bg-gray-700 dark:text-white dark:placeholder-gray-400 dark:focus:border-cyan-500 dark:focus:ring-cyan-500 p-2.5 text-sm pr-10 rounded-lg"
                  id="password"
                  name="password"
                  placeholder=""
                  required=""
                  type="password"
                  value=""
                />
              </div>
            </div>
          </div>
          <button
            class="group flex items-center justify-center p-0.5 text-center font-medium relative focus:z-10 focus:outline-none text-gray-900 bg-white border border-gray-200 enabled:hover:bg-gray-100 enabled:hover:text-cyan-700 :ring-cyan-700 focus:text-cyan-700 dark:bg-transparent dark:text-gray-400 dark:border-gray-600 dark:enabled:hover:text-white dark:enabled:hover:bg-gray-700 rounded-lg focus:ring-2"
            type="button"
          >
            <span
              class="flex items-center transition-all duration-200 rounded-md text-sm px-4 py-2"
            >
              Signup
              <span
                class="mx-3"
              >
                <svg
                  aria-hidden="true"
                  fill="currentColor"
                  height="1em"
                  stroke="currentColor"
                  stroke-width="0"
                  viewBox="0 0 20 20"
                  width="1em"
                  xmlns="http://www.w3.org/2000/svg"
                >
                  <path
                    clip-rule="evenodd"
                    d="M16.707 5.293a1 1 0 010 1.414l-8 8a1 1 0 01-1.414 0l-4-4a1 1 0 011.414-1.414L8 12.586l7.293-7.293a1 1 0 011.414 0z"
                    fill-rule="evenodd"
                  />
                </svg>
              </span>
            </span>
          </button>
        </div>
      </div>
    </div>
  </div>,
  "debug": [Function],
  "findAllByAltText": [Function],
  "findAllByDisplayValue": [Function],
  "findAllByLabelText": [Function],
  "findAllByPlaceholderText": [Function],
  "findAllByRole": [Function],
  "findAllByTestId": [Function],
  "findAllByText": [Function],
  "findAllByTitle": [Function],
  "findByAltText": [Function],
  "findByDisplayValue": [Function],
  "findByLabelText": [Function],
  "findByPlaceholderText": [Function],
  "findByRole": [Function],
  "findByTestId": [Function],
  "findByText": [Function],
  "findByTitle": [Function],
  "getAllByAltText": [Function],
  "getAllByDisplayValue": [Function],
  "getAllByLabelText": [Function],
  "getAllByPlaceholderText": [Function],
  "getAllByRole": [Function],
  "getAllByTestId": [Function],
  "getAllByText": [Function],
  "getAllByTitle": [Function],
  "getByAltText": [Function],
  "getByDisplayValue": [Function],
  "getByLabelText": [Function],
  "getByPlaceholderText": [Function],
  "getByRole": [Function],
  "getByTestId": [Function],
  "getByText": [Function],
  "getByTitle": [Function],
  "queryAllByAltText": [Function],
  "queryAllByDisplayValue": [Function],
  "queryAllByLabelText": [Function],
  "queryAllByPlaceholderText": [Function],
  "queryAllByRole": [Function],
  "queryAllByTestId": [Function],
  "queryAllByText": [Function],
  "queryAllByTitle": [Function],
  "queryByAltText": [Function],
  "queryByDisplayValue": [Function],
  "queryByLabelText": [Function],
  "queryByPlaceholderText": [Function],
  "queryByRole": [Function],
  "queryByTestId": [Function],
  "queryByText": [Function],
  "queryByTitle": [Function],
  "rerender": [Function],
  "unmount": [Function],
}
`;
